// Jest Snapshot v1, https://goo.gl/fbAQLP

exports[`externalRequest Saga should call the externalFailure action if the response errors 1`] = `
Object {
  "@@redux-saga/IO": true,
  "SELECT": Object {
    "args": Array [],
    "selector": [Function],
  },
}
`;

exports[`externalRequest Saga should call the externalFailure action if the response errors 2`] = `
Object {
  "@@redux-saga/IO": true,
  "CALL": Object {
    "args": Array [
      "/external",
      undefined,
      "the-data",
    ],
    "context": null,
    "fn": [Function],
  },
}
`;

exports[`externalRequest Saga should dispatch the externalSuccess action if it requests the data successfully 1`] = `
Object {
  "@@redux-saga/IO": true,
  "SELECT": Object {
    "args": Array [],
    "selector": [Function],
  },
}
`;

exports[`externalRequest Saga should dispatch the externalSuccess action if it requests the data successfully 2`] = `
Object {
  "@@redux-saga/IO": true,
  "CALL": Object {
    "args": Array [
      "/external",
      undefined,
      "the-data",
    ],
    "context": null,
    "fn": [Function],
  },
}
`;
